{
  "positionedLines": [
    {
      "positionedGlyphs": [
        {
          "glyph": 19977,
          "image": null,
          "x": -33,
          "y": -18.5,
          "vertical": true,
          "scale": 1,
          "fontStack": "Test",
          "sectionIndex": 0,
          "metrics": {
            "width": 18,
            "height": 18,
            "left": 2,
            "top": -8,
            "advance": 21
          },
          "rect": {
            "x": 0,
            "y": 0,
            "w": 32,
            "h": 32
          }
        },
        {
          "glyph": 57344,
          "image": {
            "id": "square",
            "options": {
              "params": {},
              "transform": {
                "a": 1,
                "b": 0,
                "c": 0,
                "d": 1,
                "e": 0,
                "f": 0
              }
            }
          },
          "x": -9,
          "y": -15.5,
          "vertical": true,
          "scale": 1.5,
          "localGlyph": false,
          "fontStack": "",
          "sectionIndex": 1,
          "metrics": {
            "width": 14,
            "height": 14,
            "left": 0,
            "top": -3,
            "advance": 14,
            "localGlyph": false
          },
          "rect": {
            "x": 0,
            "y": 0,
            "w": 16,
            "h": 16
          }
        },
        {
          "glyph": 57345,
          "image": {
            "id": "wide",
            "options": {
              "params": {},
              "transform": {
                "a": 1,
                "b": 0,
                "c": 0,
                "d": 1,
                "e": 0,
                "f": 0
              }
            }
          },
          "x": 12,
          "y": -15.5,
          "vertical": true,
          "scale": 1.5,
          "localGlyph": false,
          "fontStack": "",
          "sectionIndex": 2,
          "metrics": {
            "width": 30,
            "height": 14,
            "left": 0,
            "top": -3,
            "advance": 14,
            "localGlyph": false
          },
          "rect": {
            "x": 0,
            "y": 0,
            "w": 32,
            "h": 16
          }
        }
      ],
      "lineOffset": 21
    },
    {
      "positionedGlyphs": [
        {
          "glyph": 57346,
          "image": {
            "id": "tall",
            "options": {
              "params": {},
              "transform": {
                "a": 1,
                "b": 0,
                "c": 0,
                "d": 1,
                "e": 0,
                "f": 0
              }
            }
          },
          "x": -43.5,
          "y": -15.5,
          "vertical": true,
          "scale": 1.5,
          "localGlyph": false,
          "fontStack": "",
          "sectionIndex": 4,
          "metrics": {
            "width": 14,
            "height": 30,
            "left": 0,
            "top": -3,
            "advance": 30,
            "localGlyph": false
          },
          "rect": {
            "x": 0,
            "y": 0,
            "w": 16,
            "h": 32
          }
        },
        {
          "glyph": 57347,
          "image": {
            "id": "square",
            "options": {
              "params": {},
              "transform": {
                "a": 1,
                "b": 0,
                "c": 0,
                "d": 1,
                "e": 0,
                "f": 0
              }
            }
          },
          "x": 1.5,
          "y": 8.5,
          "vertical": true,
          "scale": 1.5,
          "localGlyph": false,
          "fontStack": "",
          "sectionIndex": 5,
          "metrics": {
            "width": 14,
            "height": 14,
            "left": 0,
            "top": -3,
            "advance": 14,
            "localGlyph": false
          },
          "rect": {
            "x": 0,
            "y": 0,
            "w": 16,
            "h": 16
          }
        },
        {
          "glyph": 19977,
          "image": null,
          "x": 22.5,
          "y": 5.5,
          "vertical": true,
          "scale": 1,
          "fontStack": "Test",
          "sectionIndex": 6,
          "metrics": {
            "width": 18,
            "height": 18,
            "left": 2,
            "top": -8,
            "advance": 21
          },
          "rect": {
            "x": 0,
            "y": 0,
            "w": 32,
            "h": 32
          }
        }
      ],
      "lineOffset": 0
    }
  ],
  "text": "三​三",
  "top": -34.5,
  "bottom": 34.5,
  "left": -45,
  "right": 45,
  "writingMode": 2,
  "iconsInText": true,
  "verticalizable": true,
  "hasBaseline": false
}